## SLURM PROLOG ###############################################################
##    Job ID : 4185395
##  Job Name : km-disk-baseline-sweep
##  Nodelist : node1917
##      CPUs : 1
##  Mem/Node : 65536 MB
## Directory : /oscar/data/dharri15/eaguerov/Github/km-disk-vibrating
##   Job Started : Wed Jul 22 04:35:17 PM EDT 2026
###############################################################################
Repo root: /oscar/data/dharri15/eaguerov/Github/km-disk-vibrating
Julia threads: 4
julia version 1.12.4
Output directory: /oscar/data/dharri15/eaguerov/Github/km-disk-vibrating/output/4185395_20260722_163519
DTN cache manifest already present at /oscar/data/dharri15/eaguerov/Github/km-disk-vibrating/julia/data/dtn_cache/manifest.toml — skipping migration.
Amplitude RMSE: 0.2192526027482141 (threshold 0.15000000000000002)
Phase RMSE (deg): 276.0369404923631 (threshold 8.55)
Passes primary threshold: false
Passes incident guard (not reproducing the ~1.09/~285deg regression): false

Done.
Results:  /oscar/data/dharri15/eaguerov/Github/km-disk-vibrating/output/4185395_20260722_163519/sweep/summary.csv, /oscar/data/dharri15/eaguerov/Github/km-disk-vibrating/output/4185395_20260722_163519/sweep/cases/*.csv
Plots:    /oscar/data/dharri15/eaguerov/Github/km-disk-vibrating/output/4185395_20260722_163519/sweep/val_amp_*.{png,pdf}, /oscar/data/dharri15/eaguerov/Github/km-disk-vibrating/output/4185395_20260722_163519/sweep/val_phase_*.{png,pdf}
Logs:     /oscar/data/dharri15/eaguerov/Github/km-disk-vibrating/output/4185395_20260722_163519/logs/
